// Jest Snapshot v1, https://goo.gl/fbAQLP

exports[`NavigationStore-0 1`] = `
<div
  className="src-components-ListView-styles__Menu___1Rjz4 src-components-common-styles-typography__fontFamilyMenu___TPnf8 src-components-NavigationStore-styles__NavigationStore___1HOyw src-components-ListView-styles__MenuHorizontal___2g6wW"
>
  <div
    className="src-components-NavigationStore-styles__submenu___1hvDA src-components-NavigationStore-styles__item___-TgUl src-components-Icons-styles__TriangleDownAfter___2bEzE src-components-Icons-styles__iconAfter___1eJ3U src-components-Icons-styles__faSolidAfter___180-- src-components-Pulldown-styles__Pulldown___3mAxJ src-components-Pulldown-styles__typeHover___tJwdI"
  >
    <a
      className="src-components-NavigationStore-styles__submenuCaption___3gNSi src-components-common-styles-typography__fontFamilyMenu___TPnf8"
      href="#"
    >
      Your Store
    </a>
    <div
      className="src-components-Pulldown-styles__popup___2wsay src-components-common-styles-zindex__zIndexPopup___1QOKW src-components-Pulldown-styles__popupAlignLeft___1uzGS src-components-Pulldown-styles__popupOpensDown___1OR6f"
    >
      <div
        className="src-components-ListView-styles__Menu___1Rjz4 src-components-common-styles-typography__fontFamilyMenu___TPnf8 src-components-NavigationStore-styles__submenuPopup___1YZ_C src-components-ListView-styles__MenuVertical___38s9a"
      >
        <a
          className="src-components-NavigationStore-styles__itemSubmenu___32e-6 src-components-common-styles-typography__fontFamilyMenu___TPnf8"
          href="#"
        >
          Store Home
        </a>
        <div
          className="src-components-NavigationStore-styles__separator___3pZsT"
        />
        <a
          className="src-components-NavigationStore-styles__itemSubmenu___32e-6 src-components-common-styles-typography__fontFamilyMenu___TPnf8"
          href="#"
        >
          Popular among friends
        </a>
        <a
          className="src-components-NavigationStore-styles__itemSubmenu___32e-6 src-components-common-styles-typography__fontFamilyMenu___TPnf8"
          href="#"
        >
          Steam Curators
        </a>
        <a
          className="src-components-NavigationStore-styles__itemSubmenu___32e-6 src-components-common-styles-typography__fontFamilyMenu___TPnf8"
          href="#"
        >
          Your Queue
        </a>
        <a
          className="src-components-NavigationStore-styles__itemSubmenu___32e-6 src-components-common-styles-typography__fontFamilyMenu___TPnf8"
          href="#"
        >
          Recently updated
        </a>
        <a
          className="src-components-NavigationStore-styles__itemSubmenu___32e-6 src-components-common-styles-typography__fontFamilyMenu___TPnf8"
          href="#"
        >
          Followed Games & Software
        </a>
        <div
          className="src-components-NavigationStore-styles__separator___3pZsT"
        >
          Tags recommended for you:
        </div>
        <a
          className="src-components-NavigationStore-styles__itemSubmenu___32e-6 src-components-common-styles-typography__fontFamilyMenu___TPnf8"
          href="#"
        >
          Action
        </a>
        <a
          className="src-components-NavigationStore-styles__itemSubmenu___32e-6 src-components-common-styles-typography__fontFamilyMenu___TPnf8"
          href="#"
        >
          FPS
        </a>
        <a
          className="src-components-NavigationStore-styles__itemSubmenu___32e-6 src-components-common-styles-typography__fontFamilyMenu___TPnf8"
          href="#"
        >
          Gore
        </a>
        <a
          className="src-components-NavigationStore-styles__itemSubmenu___32e-6 src-components-common-styles-typography__fontFamilyMenu___TPnf8"
          href="#"
        >
          Shooter
        </a>
        <a
          className="src-components-NavigationStore-styles__itemSubmenu___32e-6 src-components-common-styles-typography__fontFamilyMenu___TPnf8"
          href="#"
        >
          VR
        </a>
        <div
          className="src-components-NavigationStore-styles__separator___3pZsT"
        />
        <a
          className="src-components-NavigationStore-styles__itemSubmenu___32e-6 src-components-common-styles-typography__fontFamilyMenu___TPnf8"
          href="#"
        >
          Browse all recommended tags
        </a>
      </div>
    </div>
  </div>
  <div
    className="src-components-NavigationStore-styles__submenu___1hvDA src-components-NavigationStore-styles__item___-TgUl src-components-Icons-styles__TriangleDownAfter___2bEzE src-components-Icons-styles__iconAfter___1eJ3U src-components-Icons-styles__faSolidAfter___180-- src-components-Pulldown-styles__Pulldown___3mAxJ src-components-Pulldown-styles__typeHover___tJwdI"
  >
    <a
      className="src-components-NavigationStore-styles__submenuCaption___3gNSi src-components-common-styles-typography__fontFamilyMenu___TPnf8"
      href="#"
    >
      Games
    </a>
    <div
      className="src-components-Pulldown-styles__popup___2wsay src-components-common-styles-zindex__zIndexPopup___1QOKW src-components-Pulldown-styles__popupAlignLeft___1uzGS src-components-Pulldown-styles__popupOpensDown___1OR6f"
    >
      <div
        className="src-components-ListView-styles__Menu___1Rjz4 src-components-common-styles-typography__fontFamilyMenu___TPnf8 src-components-NavigationStore-styles__submenuPopup___1YZ_C src-components-ListView-styles__MenuVertical___38s9a"
      >
        <a
          className="src-components-NavigationStore-styles__itemSubmenu___32e-6 src-components-common-styles-typography__fontFamilyMenu___TPnf8"
          href="#"
        >
          Free to Play
        </a>
        <a
          className="src-components-NavigationStore-styles__itemSubmenu___32e-6 src-components-common-styles-typography__fontFamilyMenu___TPnf8"
          href="#"
        >
          Early Access
        </a>
        <a
          className="src-components-NavigationStore-styles__itemSubmenu___32e-6 src-components-common-styles-typography__fontFamilyMenu___TPnf8"
          href="#"
        >
          Demos
        </a>
        <a
          className="src-components-NavigationStore-styles__itemSubmenu___32e-6 src-components-common-styles-typography__fontFamilyMenu___TPnf8"
          href="#"
        >
          Virtual Reality
        </a>
        <a
          className="src-components-NavigationStore-styles__itemSubmenu___32e-6 src-components-common-styles-typography__fontFamilyMenu___TPnf8"
          href="#"
        >
          Steam Controller Friendly
        </a>
        <div
          className="src-components-NavigationStore-styles__separator___3pZsT"
        >
          Browse by genre:
        </div>
        <a
          className="src-components-NavigationStore-styles__itemSubmenu___32e-6 src-components-common-styles-typography__fontFamilyMenu___TPnf8"
          href="#"
        >
          Action
        </a>
        <a
          className="src-components-NavigationStore-styles__itemSubmenu___32e-6 src-components-common-styles-typography__fontFamilyMenu___TPnf8"
          href="#"
        >
          Adventure
        </a>
        <a
          className="src-components-NavigationStore-styles__itemSubmenu___32e-6 src-components-common-styles-typography__fontFamilyMenu___TPnf8"
          href="#"
        >
          Casual
        </a>
        <a
          className="src-components-NavigationStore-styles__itemSubmenu___32e-6 src-components-common-styles-typography__fontFamilyMenu___TPnf8"
          href="#"
        >
          Indie
        </a>
        <a
          className="src-components-NavigationStore-styles__itemSubmenu___32e-6 src-components-common-styles-typography__fontFamilyMenu___TPnf8"
          href="#"
        >
          Massively Multiplayer
        </a>
        <a
          className="src-components-NavigationStore-styles__itemSubmenu___32e-6 src-components-common-styles-typography__fontFamilyMenu___TPnf8"
          href="#"
        >
          Racing
        </a>
        <a
          className="src-components-NavigationStore-styles__itemSubmenu___32e-6 src-components-common-styles-typography__fontFamilyMenu___TPnf8"
          href="#"
        >
          RPG
        </a>
        <a
          className="src-components-NavigationStore-styles__itemSubmenu___32e-6 src-components-common-styles-typography__fontFamilyMenu___TPnf8"
          href="#"
        >
          Simulation
        </a>
        <a
          className="src-components-NavigationStore-styles__itemSubmenu___32e-6 src-components-common-styles-typography__fontFamilyMenu___TPnf8"
          href="#"
        >
          Sports
        </a>
        <a
          className="src-components-NavigationStore-styles__itemSubmenu___32e-6 src-components-common-styles-typography__fontFamilyMenu___TPnf8"
          href="#"
        >
          Strategy
        </a>
        <div
          className="src-components-NavigationStore-styles__separator___3pZsT"
        />
        <a
          className="src-components-NavigationStore-styles__itemSubmenu___32e-6 src-components-common-styles-typography__fontFamilyMenu___TPnf8"
          href="#"
        >
          See popular tags
        </a>
        <div
          className="src-components-NavigationStore-styles__separator___3pZsT"
        >
          Browse by platform:
        </div>
        <a
          className="src-components-NavigationStore-styles__itemSubmenu___32e-6 src-components-common-styles-typography__fontFamilyMenu___TPnf8"
          href="#"
        >
          Mac OS X
        </a>
        <a
          className="src-components-NavigationStore-styles__itemSubmenu___32e-6 src-components-common-styles-typography__fontFamilyMenu___TPnf8"
          href="#"
        >
          SteamOS + Linux
        </a>
      </div>
    </div>
  </div>
  <div
    className="src-components-NavigationStore-styles__submenu___1hvDA src-components-NavigationStore-styles__item___-TgUl src-components-Icons-styles__TriangleDownAfter___2bEzE src-components-Icons-styles__iconAfter___1eJ3U src-components-Icons-styles__faSolidAfter___180-- src-components-Pulldown-styles__Pulldown___3mAxJ src-components-Pulldown-styles__typeHover___tJwdI"
  >
    <a
      className="src-components-NavigationStore-styles__submenuCaption___3gNSi src-components-common-styles-typography__fontFamilyMenu___TPnf8"
      href="#"
    >
      Software
    </a>
    <div
      className="src-components-Pulldown-styles__popup___2wsay src-components-common-styles-zindex__zIndexPopup___1QOKW src-components-Pulldown-styles__popupAlignLeft___1uzGS src-components-Pulldown-styles__popupOpensDown___1OR6f"
    >
      <div
        className="src-components-ListView-styles__Menu___1Rjz4 src-components-common-styles-typography__fontFamilyMenu___TPnf8 src-components-NavigationStore-styles__submenuPopup___1YZ_C src-components-ListView-styles__MenuVertical___38s9a"
      >
        <a
          className="src-components-NavigationStore-styles__itemSubmenu___32e-6 src-components-common-styles-typography__fontFamilyMenu___TPnf8"
          href="#"
        >
          Software Hub
        </a>
        <div
          className="src-components-NavigationStore-styles__separator___3pZsT"
        />
        <a
          className="src-components-NavigationStore-styles__itemSubmenu___32e-6 src-components-common-styles-typography__fontFamilyMenu___TPnf8"
          href="#"
        >
          Animation & Modeling
        </a>
        <a
          className="src-components-NavigationStore-styles__itemSubmenu___32e-6 src-components-common-styles-typography__fontFamilyMenu___TPnf8"
          href="#"
        >
          Audio Production
        </a>
        <a
          className="src-components-NavigationStore-styles__itemSubmenu___32e-6 src-components-common-styles-typography__fontFamilyMenu___TPnf8"
          href="#"
        >
          Design & Illustration
        </a>
        <a
          className="src-components-NavigationStore-styles__itemSubmenu___32e-6 src-components-common-styles-typography__fontFamilyMenu___TPnf8"
          href="#"
        >
          Education
        </a>
        <a
          className="src-components-NavigationStore-styles__itemSubmenu___32e-6 src-components-common-styles-typography__fontFamilyMenu___TPnf8"
          href="#"
        >
          Game Development
        </a>
        <a
          className="src-components-NavigationStore-styles__itemSubmenu___32e-6 src-components-common-styles-typography__fontFamilyMenu___TPnf8"
          href="#"
        >
          Photo Editing
        </a>
        <a
          className="src-components-NavigationStore-styles__itemSubmenu___32e-6 src-components-common-styles-typography__fontFamilyMenu___TPnf8"
          href="#"
        >
          Utilities
        </a>
        <a
          className="src-components-NavigationStore-styles__itemSubmenu___32e-6 src-components-common-styles-typography__fontFamilyMenu___TPnf8"
          href="#"
        >
          Video Production
        </a>
        <a
          className="src-components-NavigationStore-styles__itemSubmenu___32e-6 src-components-common-styles-typography__fontFamilyMenu___TPnf8"
          href="#"
        >
          Web Publishing
        </a>
      </div>
    </div>
  </div>
  <div
    className="src-components-NavigationStore-styles__submenu___1hvDA src-components-NavigationStore-styles__item___-TgUl src-components-Icons-styles__TriangleDownAfter___2bEzE src-components-Icons-styles__iconAfter___1eJ3U src-components-Icons-styles__faSolidAfter___180-- src-components-Pulldown-styles__Pulldown___3mAxJ src-components-Pulldown-styles__typeHover___tJwdI"
  >
    <a
      className="src-components-NavigationStore-styles__submenuCaption___3gNSi src-components-common-styles-typography__fontFamilyMenu___TPnf8"
      href="#"
    >
      Hardware
    </a>
    <div
      className="src-components-Pulldown-styles__popup___2wsay src-components-common-styles-zindex__zIndexPopup___1QOKW src-components-Pulldown-styles__popupAlignLeft___1uzGS src-components-Pulldown-styles__popupOpensDown___1OR6f"
    >
      <div
        className="src-components-ListView-styles__Menu___1Rjz4 src-components-common-styles-typography__fontFamilyMenu___TPnf8 src-components-NavigationStore-styles__submenuPopup___1YZ_C src-components-ListView-styles__MenuVertical___38s9a"
      >
        <a
          className="src-components-NavigationStore-styles__itemSubmenu___32e-6 src-components-common-styles-typography__fontFamilyMenu___TPnf8"
          href="#"
        >
          Steam Controller
        </a>
        <a
          className="src-components-NavigationStore-styles__itemSubmenu___32e-6 src-components-common-styles-typography__fontFamilyMenu___TPnf8"
          href="#"
        >
          Steam Link
        </a>
        <a
          className="src-components-NavigationStore-styles__itemSubmenu___32e-6 src-components-common-styles-typography__fontFamilyMenu___TPnf8"
          href="#"
        >
          HTC Vive
        </a>
      </div>
    </div>
  </div>
  <div
    className="src-components-NavigationStore-styles__submenu___1hvDA src-components-NavigationStore-styles__item___-TgUl src-components-Icons-styles__TriangleDownAfter___2bEzE src-components-Icons-styles__iconAfter___1eJ3U src-components-Icons-styles__faSolidAfter___180-- src-components-Pulldown-styles__Pulldown___3mAxJ src-components-Pulldown-styles__typeHover___tJwdI"
  >
    <a
      className="src-components-NavigationStore-styles__submenuCaption___3gNSi src-components-common-styles-typography__fontFamilyMenu___TPnf8"
      href="#"
    >
      Videos
    </a>
    <div
      className="src-components-Pulldown-styles__popup___2wsay src-components-common-styles-zindex__zIndexPopup___1QOKW src-components-Pulldown-styles__popupAlignLeft___1uzGS src-components-Pulldown-styles__popupOpensDown___1OR6f"
    >
      <div
        className="src-components-ListView-styles__Menu___1Rjz4 src-components-common-styles-typography__fontFamilyMenu___TPnf8 src-components-NavigationStore-styles__submenuPopup___1YZ_C src-components-ListView-styles__MenuVertical___38s9a"
      >
        <a
          className="src-components-NavigationStore-styles__itemSubmenu___32e-6 src-components-common-styles-typography__fontFamilyMenu___TPnf8"
          href="#"
        >
          Video Hub
        </a>
        <div
          className="src-components-NavigationStore-styles__separator___3pZsT"
        >
          Browse by type:
        </div>
        <a
          className="src-components-NavigationStore-styles__itemSubmenu___32e-6 src-components-common-styles-typography__fontFamilyMenu___TPnf8"
          href="#"
        >
          Movie
        </a>
        <a
          className="src-components-NavigationStore-styles__itemSubmenu___32e-6 src-components-common-styles-typography__fontFamilyMenu___TPnf8"
          href="#"
        >
          Episodic
        </a>
        <a
          className="src-components-NavigationStore-styles__itemSubmenu___32e-6 src-components-common-styles-typography__fontFamilyMenu___TPnf8"
          href="#"
        >
          Documentary
        </a>
        <a
          className="src-components-NavigationStore-styles__itemSubmenu___32e-6 src-components-common-styles-typography__fontFamilyMenu___TPnf8"
          href="#"
        >
          Gaming
        </a>
        <a
          className="src-components-NavigationStore-styles__itemSubmenu___32e-6 src-components-common-styles-typography__fontFamilyMenu___TPnf8"
          href="#"
        >
          Tutorial
        </a>
        <a
          className="src-components-NavigationStore-styles__itemSubmenu___32e-6 src-components-common-styles-typography__fontFamilyMenu___TPnf8"
          href="#"
        >
          Short
        </a>
        <div
          className="src-components-NavigationStore-styles__separator___3pZsT"
        >
          Browse by genre:
        </div>
        <a
          className="src-components-NavigationStore-styles__itemSubmenu___32e-6 src-components-common-styles-typography__fontFamilyMenu___TPnf8"
          href="#"
        >
          Action
        </a>
        <a
          className="src-components-NavigationStore-styles__itemSubmenu___32e-6 src-components-common-styles-typography__fontFamilyMenu___TPnf8"
          href="#"
        >
          Anime
        </a>
        <a
          className="src-components-NavigationStore-styles__itemSubmenu___32e-6 src-components-common-styles-typography__fontFamilyMenu___TPnf8"
          href="#"
        >
          Comedy
        </a>
        <a
          className="src-components-NavigationStore-styles__itemSubmenu___32e-6 src-components-common-styles-typography__fontFamilyMenu___TPnf8"
          href="#"
        >
          Drama
        </a>
        <a
          className="src-components-NavigationStore-styles__itemSubmenu___32e-6 src-components-common-styles-typography__fontFamilyMenu___TPnf8"
          href="#"
        >
          Horror
        </a>
        <a
          className="src-components-NavigationStore-styles__itemSubmenu___32e-6 src-components-common-styles-typography__fontFamilyMenu___TPnf8"
          href="#"
        >
          Sci-fi
        </a>
      </div>
    </div>
  </div>
  <a
    className="src-components-NavigationStore-styles__item___-TgUl src-components-common-styles-typography__fontFamilyMenu___TPnf8"
    href="#"
  >
    News
  </a>
  <div
    className="src-components-ListView-styles__MenuItem___vYAf1 src-components-NavigationStore-styles__searchBox___1R9YG"
  >
    <form
      action="https://store.steampowered.com/search/"
      className="src-components-StoreSearch-styles__StoreSearch___1ugO7"
      method="GET"
    >
      <input
        className="src-components-StoreSearch-styles__input___2ie5x src-components-common-styles-typography__fontFamilyMenu___TPnf8"
        name="term"
        placeholder="search the store"
        type="search"
      />
      <button
        className="src-components-StoreSearch-styles__button___J-hG9"
        type="submit"
      />
    </form>
  </div>
</div>
`;
