// Jest Snapshot v1, https://goo.gl/fbAQLP

exports[`StoreGutter-0 1`] = `
<div
  className="src-components-StoreGutter-styles__StoreGutter___FLmY5 src-components-common-styles-typography__fontFamilyMenu___TPnf8"
>
  <a
    className="src-components-StoreGutter-styles__cardsPromoLink___3gy6F"
    href="#"
  />
  <nav
    className="src-components-StoreGutter-styles__section___2N-3s"
  >
    <header
      className="src-components-StoreGutter-styles__sectionHeader___3Aiv2"
    >
      Gift Cards
    </header>
    <ul
      className="src-components-StoreGutter-styles__sectionItems___1e_Wn"
    >
      <li
        className="src-components-StoreGutter-styles__sectionItem___2VGyM"
      >
        <a
          className="src-components-StoreGutter-styles__sectionLink___2BzVs"
          href="#"
        >
          Now Available on Steam
        </a>
      </li>
    </ul>
  </nav>
  <nav
    className="src-components-StoreGutter-styles__section___2N-3s"
  >
    <header
      className="src-components-StoreGutter-styles__sectionHeader___3Aiv2"
    >
      Recommended
    </header>
    <ul
      className="src-components-StoreGutter-styles__sectionItems___1e_Wn"
    >
      <li
        className="src-components-StoreGutter-styles__sectionItem___2VGyM"
      >
        <a
          className="src-components-StoreGutter-styles__sectionLink___2BzVs"
          href="#"
        >
          By Friends
        </a>
      </li>
      <li
        className="src-components-StoreGutter-styles__sectionItem___2VGyM"
      >
        <a
          className="src-components-StoreGutter-styles__sectionLink___2BzVs"
          href="#"
        >
          By Curators
        </a>
      </li>
      <li
        className="src-components-StoreGutter-styles__sectionItem___2VGyM"
      >
        <a
          className="src-components-StoreGutter-styles__sectionLink___2BzVs"
          href="#"
        >
          Tags
        </a>
      </li>
    </ul>
  </nav>
  <nav
    className="src-components-StoreGutter-styles__section___2N-3s"
  >
    <header
      className="src-components-StoreGutter-styles__sectionHeader___3Aiv2"
    >
      Discovery Queues
    </header>
    <ul
      className="src-components-StoreGutter-styles__sectionItems___1e_Wn"
    >
      <li
        className="src-components-StoreGutter-styles__sectionItem___2VGyM"
      >
        <a
          className="src-components-StoreGutter-styles__sectionLink___2BzVs"
          href="#"
        >
          Recommendations
        </a>
      </li>
      <li
        className="src-components-StoreGutter-styles__sectionItem___2VGyM"
      >
        <a
          className="src-components-StoreGutter-styles__sectionLink___2BzVs"
          href="#"
        >
          New Releases
        </a>
      </li>
    </ul>
  </nav>
  <nav
    className="src-components-StoreGutter-styles__section___2N-3s"
  >
    <header
      className="src-components-StoreGutter-styles__sectionHeader___3Aiv2"
    >
      Browse Categories
    </header>
    <ul
      className="src-components-StoreGutter-styles__sectionItems___1e_Wn"
    >
      <li
        className="src-components-StoreGutter-styles__sectionItem___2VGyM"
      >
        <a
          className="src-components-StoreGutter-styles__sectionLink___2BzVs"
          href="#"
        >
          Top Sellers
        </a>
      </li>
      <li
        className="src-components-StoreGutter-styles__sectionItem___2VGyM"
      >
        <a
          className="src-components-StoreGutter-styles__sectionLink___2BzVs"
          href="#"
        >
          Recently Updated
        </a>
      </li>
      <li
        className="src-components-StoreGutter-styles__sectionItem___2VGyM"
      >
        <a
          className="src-components-StoreGutter-styles__sectionLink___2BzVs"
          href="#"
        >
          New Releases
        </a>
      </li>
      <li
        className="src-components-StoreGutter-styles__sectionItem___2VGyM"
      >
        <a
          className="src-components-StoreGutter-styles__sectionLink___2BzVs"
          href="#"
        >
          Upcoming
        </a>
      </li>
      <li
        className="src-components-StoreGutter-styles__sectionItem___2VGyM"
      >
        <a
          className="src-components-StoreGutter-styles__sectionLink___2BzVs"
          href="#"
        >
          Specials
        </a>
      </li>
      <li
        className="src-components-StoreGutter-styles__sectionItem___2VGyM"
      >
        <a
          className="src-components-StoreGutter-styles__sectionLink___2BzVs"
          href="#"
        >
          Virtual Reality
        </a>
      </li>
      <li
        className="src-components-StoreGutter-styles__sectionItem___2VGyM"
      >
        <a
          className="src-components-StoreGutter-styles__sectionLink___2BzVs"
          href="#"
        >
          Steam Controller Friendly
        </a>
      </li>
    </ul>
  </nav>
  <nav
    className="src-components-StoreGutter-styles__section___2N-3s"
  >
    <header
      className="src-components-StoreGutter-styles__sectionHeader___3Aiv2"
    >
      Browse by Genre
    </header>
    <ul
      className="src-components-StoreGutter-styles__sectionItems___1e_Wn"
    >
      <li
        className="src-components-StoreGutter-styles__sectionItem___2VGyM"
      >
        <a
          className="src-components-StoreGutter-styles__sectionLink___2BzVs"
          href="#"
        >
          Free to Play
        </a>
      </li>
      <li
        className="src-components-StoreGutter-styles__sectionItem___2VGyM"
      >
        <a
          className="src-components-StoreGutter-styles__sectionLink___2BzVs"
          href="#"
        >
          Early Access
        </a>
      </li>
      <li
        className="src-components-StoreGutter-styles__sectionItem___2VGyM"
      >
        <a
          className="src-components-StoreGutter-styles__sectionLink___2BzVs"
          href="#"
        >
          Action
        </a>
      </li>
      <li
        className="src-components-StoreGutter-styles__sectionItem___2VGyM"
      >
        <a
          className="src-components-StoreGutter-styles__sectionLink___2BzVs"
          href="#"
        >
          Adventure
        </a>
      </li>
      <li
        className="src-components-StoreGutter-styles__sectionItem___2VGyM"
      >
        <a
          className="src-components-StoreGutter-styles__sectionLink___2BzVs"
          href="#"
        >
          Casual
        </a>
      </li>
      <li
        className="src-components-StoreGutter-styles__sectionItem___2VGyM"
      >
        <a
          className="src-components-StoreGutter-styles__sectionLink___2BzVs"
          href="#"
        >
          Indie
        </a>
      </li>
      <li
        className="src-components-StoreGutter-styles__sectionItem___2VGyM"
      >
        <a
          className="src-components-StoreGutter-styles__sectionLink___2BzVs"
          href="#"
        >
          Massively Multiplayer
        </a>
      </li>
      <li
        className="src-components-StoreGutter-styles__sectionItem___2VGyM"
      >
        <a
          className="src-components-StoreGutter-styles__sectionLink___2BzVs"
          href="#"
        >
          Racing
        </a>
      </li>
      <li
        className="src-components-StoreGutter-styles__sectionItem___2VGyM"
      >
        <a
          className="src-components-StoreGutter-styles__sectionLink___2BzVs"
          href="#"
        >
          RPG
        </a>
      </li>
      <li
        className="src-components-StoreGutter-styles__sectionItem___2VGyM"
      >
        <a
          className="src-components-StoreGutter-styles__sectionLink___2BzVs"
          href="#"
        >
          Simulation
        </a>
      </li>
      <li
        className="src-components-StoreGutter-styles__sectionItem___2VGyM"
      >
        <a
          className="src-components-StoreGutter-styles__sectionLink___2BzVs"
          href="#"
        >
          Sports
        </a>
      </li>
      <li
        className="src-components-StoreGutter-styles__sectionItem___2VGyM"
      >
        <a
          className="src-components-StoreGutter-styles__sectionLink___2BzVs"
          href="#"
        >
          Strategy
        </a>
      </li>
    </ul>
  </nav>
  <nav
    className="src-components-StoreGutter-styles__section___2N-3s"
  >
    <header
      className="src-components-StoreGutter-styles__sectionHeader___3Aiv2"
    >
      Your Tags
    </header>
    <ul
      className="src-components-StoreGutter-styles__sectionItems___1e_Wn"
    >
      <li
        className="src-components-StoreGutter-styles__sectionItem___2VGyM"
      >
        <a
          className="src-components-StoreGutter-styles__sectionLink___2BzVs"
          href="#"
        >
          Action
        </a>
      </li>
      <li
        className="src-components-StoreGutter-styles__sectionItem___2VGyM"
      >
        <a
          className="src-components-StoreGutter-styles__sectionLink___2BzVs"
          href="#"
        >
          FPS
        </a>
      </li>
      <li
        className="src-components-StoreGutter-styles__sectionItem___2VGyM"
      >
        <a
          className="src-components-StoreGutter-styles__sectionLink___2BzVs"
          href="#"
        >
          Singleplayer
        </a>
      </li>
    </ul>
  </nav>
  <nav
    className="src-components-StoreGutter-styles__section___2N-3s"
  >
    <header
      className="src-components-StoreGutter-styles__sectionHeader___3Aiv2"
    >
      Recently viewed
    </header>
    <ul
      className="src-components-StoreGutter-styles__sectionItems___1e_Wn"
    >
      <li
        className="src-components-StoreGutter-styles__sectionItem___2VGyM"
      >
        <a
          className="src-components-StoreGutter-styles__sectionLink___2BzVs"
          href="#"
        >
          Half-life
        </a>
      </li>
      <li
        className="src-components-StoreGutter-styles__sectionItem___2VGyM"
      >
        <a
          className="src-components-StoreGutter-styles__sectionLink___2BzVs"
          href="#"
        >
          Half-life 2: Episode One
        </a>
      </li>
      <li
        className="src-components-StoreGutter-styles__sectionItem___2VGyM"
      >
        <a
          className="src-components-StoreGutter-styles__sectionLink___2BzVs"
          href="#"
        >
          Half-life 3
        </a>
      </li>
    </ul>
  </nav>
</div>
`;
