// Jest Snapshot v1, https://goo.gl/fbAQLP

exports[`StoreCapsuleM-3 1`] = `
<a
  className="src-components-StoreCapsuleM-styles__StoreCapsuleM___3Cbjr src-components-common-styles-typography__fontFamilyCapsule___3HgYh"
  href="#"
>
  <img
    className="src-components-StoreCapsuleM-styles__picture___3dLbL"
    src="/screenshots/spotlight_image.jpg"
  />
  <div
    className="src-components-StoreCapsuleM-styles__info___1Vd0Q"
  >
    <h2
      className="src-components-StoreCapsuleM-styles__name___3leNq"
    >
      Free weekend
    </h2>
    <p
      className="src-components-StoreCapsuleM-styles__body___3788Q"
    >
      Play for free until Sunday at 1PM Pacific Time
    </p>
    <div
      className="src-components-StorePriceInfo-styles__StorePriceInfoDiscount___w_a2w src-components-StorePriceInfo-styles__StorePriceInfo___3mzqO src-components-common-styles-typography__fontFamilyCapsule___3HgYh src-components-StorePriceInfo-styles__sizeM___3OgPK"
    >
      <div
        className="src-components-StorePriceInfo-styles__discount___W1b8o"
      >
        -66%
      </div>
      <div
        className="src-components-StorePriceInfo-styles__prices___2CCDC"
      >
        <div
          className="src-components-StorePriceInfo-styles__priceOriginal___1TlYx"
        >
          29.99
        </div>
        <div
          className="src-components-StorePriceInfo-styles__priceFinal___suo-c"
        >
          9.99
        </div>
      </div>
    </div>
  </div>
</a>
`;
