// Jest Snapshot v1, https://goo.gl/fbAQLP

exports[`StoreTrending-0 1`] = `
<div
  style={
    Object {
      "textAlign": "center",
    }
  }
>
  <section
    className="src-components-StoreTrending-styles__StoreTrending___3PSOE"
  >
    <header
      className="src-components-StoreTrending-styles__header___3pVUD src-components-common-styles-typography__storeFrontHeading___trDYD src-components-common-styles-typography__fontFamilyMenu___TPnf8"
    >
      Trending among friends
    </header>
    <div
      className="src-components-Carousel-styles__Carousel___1dNTQ"
    >
      <div
        className="src-components-Carousel-styles__items___2z4ws"
      >
        <div
          className="src-components-Carousel-styles__item___yuFUE src-components-Carousel-styles__itemFocused___1PYU7"
        >
          <div
            className="src-components-StoreTrending-styles__page___1Pi8N"
          >
            <a
              className="src-components-StoreTrending-styles__item___OgSux src-components-StoreCapsuleXS-styles__StoreCapsuleXS___zjBQu"
              href="#"
            >
              <img
                className="src-components-StoreCapsuleXS-styles__picture___UDmtk"
                src="/screenshots/capsule_xs_image.jpg"
              />
              <div
                className="src-components-StoreCapsuleXS-styles__info___12dCI"
              >
                <div
                  className="src-components-StorePriceInfo-styles__StorePriceInfoNormal___2s64J src-components-StorePriceInfo-styles__StorePriceInfo___3mzqO src-components-common-styles-typography__fontFamilyCapsule___3HgYh src-components-StorePriceInfo-styles__sizeM___3OgPK"
                >
                  $29.99
                </div>
              </div>
              <ul
                className="src-components-StoreCapsuleXS-styles__friends___2aQjX"
              >
                <li
                  className="src-components-StoreCapsuleXS-styles__friend___2gO28"
                >
                  <a
                    className="src-components-UserAvatar-styles__sizeS___3jUjJ src-components-UserAvatar-styles__UserAvatar___eVBHf"
                    href="https://steamcommunity.com/id/afarnsworth/"
                  >
                    <img
                      className="src-components-UserAvatar-styles__userPic___3nQ1i"
                      src="https://steamcdn-a.akamaihd.net/steamcommunity/public/images/avatars/fd/fdaef0111714471445bb422b8021d3a887c86a99.jpg"
                    />
                  </a>
                </li>
              </ul>
            </a>
            <a
              className="src-components-StoreTrending-styles__item___OgSux src-components-StoreCapsuleXS-styles__StoreCapsuleXS___zjBQu"
              href="#"
            >
              <img
                className="src-components-StoreCapsuleXS-styles__picture___UDmtk"
                src="/screenshots/capsule_xs_image.jpg"
              />
              <div
                className="src-components-StoreCapsuleXS-styles__info___12dCI"
              >
                <div
                  className="src-components-StorePriceInfo-styles__StorePriceInfoNormal___2s64J src-components-StorePriceInfo-styles__StorePriceInfo___3mzqO src-components-common-styles-typography__fontFamilyCapsule___3HgYh src-components-StorePriceInfo-styles__sizeM___3OgPK"
                >
                  $29.99
                </div>
              </div>
              <ul
                className="src-components-StoreCapsuleXS-styles__friends___2aQjX"
              >
                <li
                  className="src-components-StoreCapsuleXS-styles__friend___2gO28"
                >
                  <a
                    className="src-components-UserAvatar-styles__sizeS___3jUjJ src-components-UserAvatar-styles__UserAvatar___eVBHf"
                    href="https://steamcommunity.com/id/afarnsworth/"
                  >
                    <img
                      className="src-components-UserAvatar-styles__userPic___3nQ1i"
                      src="https://steamcdn-a.akamaihd.net/steamcommunity/public/images/avatars/fd/fdaef0111714471445bb422b8021d3a887c86a99.jpg"
                    />
                  </a>
                </li>
              </ul>
            </a>
            <a
              className="src-components-StoreTrending-styles__item___OgSux src-components-StoreCapsuleXS-styles__StoreCapsuleXS___zjBQu"
              href="#"
            >
              <img
                className="src-components-StoreCapsuleXS-styles__picture___UDmtk"
                src="/screenshots/capsule_xs_image.jpg"
              />
              <div
                className="src-components-StoreCapsuleXS-styles__info___12dCI"
              >
                <div
                  className="src-components-StorePriceInfo-styles__StorePriceInfoNormal___2s64J src-components-StorePriceInfo-styles__StorePriceInfo___3mzqO src-components-common-styles-typography__fontFamilyCapsule___3HgYh src-components-StorePriceInfo-styles__sizeM___3OgPK"
                >
                  $29.99
                </div>
              </div>
              <ul
                className="src-components-StoreCapsuleXS-styles__friends___2aQjX"
              >
                <li
                  className="src-components-StoreCapsuleXS-styles__friend___2gO28"
                >
                  <a
                    className="src-components-UserAvatar-styles__sizeS___3jUjJ src-components-UserAvatar-styles__UserAvatar___eVBHf"
                    href="https://steamcommunity.com/id/afarnsworth/"
                  >
                    <img
                      className="src-components-UserAvatar-styles__userPic___3nQ1i"
                      src="https://steamcdn-a.akamaihd.net/steamcommunity/public/images/avatars/fd/fdaef0111714471445bb422b8021d3a887c86a99.jpg"
                    />
                  </a>
                </li>
              </ul>
            </a>
            <a
              className="src-components-StoreTrending-styles__item___OgSux src-components-StoreCapsuleXS-styles__StoreCapsuleXS___zjBQu"
              href="#"
            >
              <img
                className="src-components-StoreCapsuleXS-styles__picture___UDmtk"
                src="/screenshots/capsule_xs_image.jpg"
              />
              <div
                className="src-components-StoreCapsuleXS-styles__info___12dCI"
              >
                <div
                  className="src-components-StorePriceInfo-styles__StorePriceInfoNormal___2s64J src-components-StorePriceInfo-styles__StorePriceInfo___3mzqO src-components-common-styles-typography__fontFamilyCapsule___3HgYh src-components-StorePriceInfo-styles__sizeM___3OgPK"
                >
                  $29.99
                </div>
              </div>
              <ul
                className="src-components-StoreCapsuleXS-styles__friends___2aQjX"
              >
                <li
                  className="src-components-StoreCapsuleXS-styles__friend___2gO28"
                >
                  <a
                    className="src-components-UserAvatar-styles__sizeS___3jUjJ src-components-UserAvatar-styles__UserAvatar___eVBHf"
                    href="https://steamcommunity.com/id/afarnsworth/"
                  >
                    <img
                      className="src-components-UserAvatar-styles__userPic___3nQ1i"
                      src="https://steamcdn-a.akamaihd.net/steamcommunity/public/images/avatars/fd/fdaef0111714471445bb422b8021d3a887c86a99.jpg"
                    />
                  </a>
                </li>
              </ul>
            </a>
          </div>
        </div>
        <div
          className="src-components-Carousel-styles__item___yuFUE"
        >
          <div
            className="src-components-StoreTrending-styles__page___1Pi8N"
          >
            <a
              className="src-components-StoreTrending-styles__item___OgSux src-components-StoreCapsuleXS-styles__StoreCapsuleXS___zjBQu"
              href="#"
            >
              <img
                className="src-components-StoreCapsuleXS-styles__picture___UDmtk"
                src="/screenshots/capsule_xs_image.jpg"
              />
              <div
                className="src-components-StoreCapsuleXS-styles__info___12dCI"
              >
                <div
                  className="src-components-StorePriceInfo-styles__StorePriceInfoNormal___2s64J src-components-StorePriceInfo-styles__StorePriceInfo___3mzqO src-components-common-styles-typography__fontFamilyCapsule___3HgYh src-components-StorePriceInfo-styles__sizeM___3OgPK"
                >
                  $29.99
                </div>
              </div>
              <ul
                className="src-components-StoreCapsuleXS-styles__friends___2aQjX"
              >
                <li
                  className="src-components-StoreCapsuleXS-styles__friend___2gO28"
                >
                  <a
                    className="src-components-UserAvatar-styles__sizeS___3jUjJ src-components-UserAvatar-styles__UserAvatar___eVBHf"
                    href="https://steamcommunity.com/id/afarnsworth/"
                  >
                    <img
                      className="src-components-UserAvatar-styles__userPic___3nQ1i"
                      src="https://steamcdn-a.akamaihd.net/steamcommunity/public/images/avatars/fd/fdaef0111714471445bb422b8021d3a887c86a99.jpg"
                    />
                  </a>
                </li>
              </ul>
            </a>
            <a
              className="src-components-StoreTrending-styles__item___OgSux src-components-StoreCapsuleXS-styles__StoreCapsuleXS___zjBQu"
              href="#"
            >
              <img
                className="src-components-StoreCapsuleXS-styles__picture___UDmtk"
                src="/screenshots/capsule_xs_image.jpg"
              />
              <div
                className="src-components-StoreCapsuleXS-styles__info___12dCI"
              >
                <div
                  className="src-components-StorePriceInfo-styles__StorePriceInfoNormal___2s64J src-components-StorePriceInfo-styles__StorePriceInfo___3mzqO src-components-common-styles-typography__fontFamilyCapsule___3HgYh src-components-StorePriceInfo-styles__sizeM___3OgPK"
                >
                  $29.99
                </div>
              </div>
              <ul
                className="src-components-StoreCapsuleXS-styles__friends___2aQjX"
              >
                <li
                  className="src-components-StoreCapsuleXS-styles__friend___2gO28"
                >
                  <a
                    className="src-components-UserAvatar-styles__sizeS___3jUjJ src-components-UserAvatar-styles__UserAvatar___eVBHf"
                    href="https://steamcommunity.com/id/afarnsworth/"
                  >
                    <img
                      className="src-components-UserAvatar-styles__userPic___3nQ1i"
                      src="https://steamcdn-a.akamaihd.net/steamcommunity/public/images/avatars/fd/fdaef0111714471445bb422b8021d3a887c86a99.jpg"
                    />
                  </a>
                </li>
              </ul>
            </a>
          </div>
        </div>
        <div
          className="src-components-Carousel-styles__arrowLeft___17IKF"
        />
        <div
          className="src-components-Carousel-styles__arrowRight___bMbHz"
        />
      </div>
      <div
        className="src-components-Carousel-styles__thumbs___Kdkhx"
      >
        <div
          className="src-components-Carousel-styles__thumb___9nFNy src-components-Carousel-styles__thumbFocused___3eboS"
        />
        <div
          className="src-components-Carousel-styles__thumb___9nFNy"
        />
      </div>
    </div>
  </section>
</div>
`;
