// Jest Snapshot v1, https://goo.gl/fbAQLP

exports[`StorePriceInfo-1 1`] = `
Array [
  <div
    className="src-components-StorePriceInfo-styles__StorePriceInfoNormal___2s64J src-components-StorePriceInfo-styles__StorePriceInfo___3mzqO src-components-common-styles-typography__fontFamilyCapsule___3HgYh src-components-StorePriceInfo-styles__sizeM___3OgPK"
  >
    $29.99
  </div>,
  <span>
     
  </span>,
  <div
    className="src-components-StorePriceInfo-styles__StorePriceInfoNormal___2s64J src-components-StorePriceInfo-styles__StorePriceInfo___3mzqO src-components-common-styles-typography__fontFamilyCapsule___3HgYh src-components-StorePriceInfo-styles__sizeS___3QCFz"
  >
    $29.99
  </div>,
]
`;
